
> romophic.com@0.0.1 build D:\Documents\GitHub\romophic.com
> astro check && astro build && pagefind --site dist

[2m18:49:36[22m [34m[content][39m Syncing content
[2m18:49:36[22m [34m[content][39m Synced content
[2m18:49:36[22m [34m[types][39m Generated [2m713ms[22m
[2m18:49:36[22m [34m[check][39m Getting diagnostics for Astro files in D:\Documents\GitHub\romophic.com...
[96msrc/components/features/graph/types.ts[0m:[93m1[0m:[93m1[0m - [93mwarning[0m[90m ts(6192): [0mAll imports in import declaration are unused.

[7m1[0m import type { D3GraphNode, D3GraphLink } from '@/types'
[7m [0m [93m~~~~~~~~~~~~~~~~~~~~~~~~~~~~~~~~~~~~~~~~~~~~~~~~~~~~~~~[0m

Result (71 files): 
- 0 errors
- 0 warnings
- 1 hint

[2m18:49:54[22m [34m[content][39m Syncing content
[2m18:49:54[22m [34m[content][39m Synced content
[2m18:49:54[22m [34m[types][39m Generated [2m787ms[22m
[2m18:49:54[22m [34m[build][39m output: [34m"static"[39m
[2m18:49:54[22m [34m[build][39m mode: [34m"static"[39m
[2m18:49:54[22m [34m[build][39m directory: [34mD:\Documents\GitHub\romophic.com\dist\[39m
[2m18:49:54[22m [34m[build][39m Collecting build info...
[2m18:49:54[22m [34m[build][39m [32m笨・Completed in 1.02s.[39m
[2m18:49:54[22m [34m[build][39m Building static entrypoints...
[2m18:50:05[22m [34m[vite][39m [32m笨・built in 10.43s[39m
[2m18:50:05[22m [34m[build][39m [32m笨・Completed in 10.49s.[39m

[42m[30m building client (vite) [39m[49m
[2m18:50:05[22m [34m[vite][39m transforming...
[2m18:50:06[22m [34m[vite][39m [32m笨・[39m 201 modules transformed.
[2m18:50:06[22m [34m[vite][39m rendering chunks...
[2m18:50:06[22m [34m[vite][39m computing gzip size...
[2m18:50:06[22m [34m[vite][39m [2mdist/[22m[32m_astro/ec.8zarh.js                                                       [39m[1m[2m 2.42 kB[22m[1m[22m
[2m18:50:06[22m [34m[vite][39m [2mdist/[22m[35m_astro/ec.ps5om.css                                                      [39m[1m[2m23.40 kB[22m[1m[22m[2m 笏・gzip:  4.76 kB[22m
[2m18:50:06[22m [34m[vite][39m [2mdist/[22m[36m_astro/page.j6_Enh8j.js                                                  [39m[1m[2m 0.05 kB[22m[1m[22m[2m 笏・gzip:  0.07 kB[22m
[2m18:50:06[22m [34m[vite][39m [2mdist/[22m[36m_astro/SubpostsSidebar.astro_astro_type_script_index_0_lang.DM1q6U0r.js  [39m[1m[2m 1.07 kB[22m[1m[22m[2m 笏・gzip:  0.45 kB[22m
[2m18:50:06[22m [34m[vite][39m [2mdist/[22m[36m_astro/toc-core.ByJV2CaB.js                                              [39m[1m[2m 1.30 kB[22m[1m[22m[2m 笏・gzip:  0.66 kB[22m
[2m18:50:06[22m [34m[vite][39m [2mdist/[22m[36m_astro/SubpostsHeader.astro_astro_type_script_index_0_lang.CvFhMKXw.js   [39m[1m[2m 1.37 kB[22m[1m[22m[2m 笏・gzip:  0.54 kB[22m
[2m18:50:06[22m [34m[vite][39m [2mdist/[22m[36m_astro/index.DoI3pyI0.js                                                 [39m[1m[2m 2.30 kB[22m[1m[22m[2m 笏・gzip:  1.04 kB[22m
[2m18:50:06[22m [34m[vite][39m [2mdist/[22m[36m_astro/TOCSidebar.astro_astro_type_script_index_0_lang.DfimqmQs.js       [39m[1m[2m 2.32 kB[22m[1m[22m[2m 笏・gzip:  0.85 kB[22m
[2m18:50:06[22m [34m[vite][39m [2mdist/[22m[36m_astro/TOCHeader.astro_astro_type_script_index_0_lang.DH7sjEd1.js        [39m[1m[2m 3.86 kB[22m[1m[22m[2m 笏・gzip:  1.29 kB[22m
[2m18:50:06[22m [34m[vite][39m [2mdist/[22m[36m_astro/ClientRouter.astro_astro_type_script_index_0_lang.THH88xuB.js     [39m[1m[2m13.08 kB[22m[1m[22m[2m 笏・gzip:  4.53 kB[22m
[2m18:50:06[22m [34m[vite][39m [2mdist/[22m[36m_astro/GraphView.astro_astro_type_script_index_0_lang.DlWDKZt2.js        [39m[1m[2m71.66 kB[22m[1m[22m[2m 笏・gzip: 24.97 kB[22m
[2m18:50:06[22m [34m[vite][39m [2mdist/[22m[36m_astro/Search.astro_astro_type_script_index_0_lang.tZYucdM2.js           [39m[1m[2m74.58 kB[22m[1m[22m[2m 笏・gzip: 23.59 kB[22m
[2m18:50:06[22m [34m[vite][39m [32m笨・built in 1.51s[39m

[42m[30m generating static routes [39m[49m
[2m18:50:07[22m [32m笆ｶ[39m src/pages/404.astro
[2m18:50:07[22m   [34m笏披楳[39m [2m/404.html[22m窶右LIFECYCLE窶・Command failed with exit code 1.
